[0m
                [0;35m_ __ ____ ___________              _________[35;1m_[0;35m_[35;1m___[0;1m_[35;1m_[0;1m_ [0;1m_
                  [0;34m.________         [0;35m//_ [0;1mANSilOVE [0;35m_\\        [0;34m._____
        [0;34m____/\ ___|      _/___/\   __    _____.   _ ____/\ _|     \ ____
       [0;34m/  .__\\   \      [34;1m|[0;34m  _ //__[34;1m_ [0;34m_)_. \_   |____      \[34;1m\ [0;34m|    /[34;1m/[0;34m ___/
      [0;34m/   __/  \  \      [36;1m|[0;34m__ \/    [36;1m\   [0;34m|[34;1m_ [0;34m|   |    [34;1m\ [0;34m|     [36;1m\     [36;1m/[0;34m __)__[34;1m_[36;1m_
     [0;34m/____|     [34;1m\[36;1m_[0;34m|\__[34;1m_[36;1m_[0;1m_|[0;34m______[34;1m_[36;1m_[0;1m_/[34;1m_[36;1m_ [34;1m`[36;1m/ [0;34m|____[34;1m_[36;1m_[34;1m /[36;1m/[0;34m____[34;1m_[36;1m_[0;1m_/[0;34m_[34;1m_[36;1m_[0;1m_/[0;34m____[34;1m_[36;1m_  /
          [0;34m|___[34;1m_[36;1m_[0;1m_/    [0;35m_ __ __________ [0;1m\/ [0;35m_______ [0;1m\/ [0;35m___[35;1m_[0;35m_[1;35m__[0;1m_[35;1m_[0;1m_ [0;1m_   [0;34myop [0;1m\/[0m
